smash> smash> smash> smash> smash> smash> smash> smash> [1] sleep 100& : 23693 1 secs
[2] sleep 200& : 23694 1 secs
[3] sleep 300& : 23695 1 secs
[4] sleep 400& : 23696 1 secs
[5] sleep 20& : 23697 1 secs
[6] sleep 600& : 23698 0 secs
[7] sleep 700& : 23699 0 secs
smash> smash> smash> [1] sleep 100& : 23693 1 secs
[2] sleep 200& : 23694 1 secs
[3] sleep 300& : 23695 1 secs
[4] sleep 400& : 23696 1 secs
[5] sleep 20& : 23697 1 secs
[6] sleep 600& : 23698 0 secs
[7] sleep 700& : 23699 0 secs
[8] sleep 800& : 23701 0 secs
[9] sleep 900& : 23702 0 secs
smash> signal number 9 was sent to pid 23695
smash> [1] sleep 100& : 23693 1 secs
[2] sleep 200& : 23694 1 secs
[4] sleep 400& : 23696 1 secs
[5] sleep 20& : 23697 1 secs
[6] sleep 600& : 23698 0 secs
[7] sleep 700& : 23699 0 secs
[8] sleep 800& : 23701 0 secs
[9] sleep 900& : 23702 0 secs
smash> smash> [1] sleep 100& : 23693 1 secs
[2] sleep 200& : 23694 1 secs
[4] sleep 400& : 23696 1 secs
[5] sleep 20& : 23697 1 secs
[6] sleep 600& : 23698 0 secs
[7] sleep 700& : 23699 0 secs
[8] sleep 800& : 23701 0 secs
[9] sleep 900& : 23702 0 secs
[10] sleep 1000& : 23703 0 secs
smash> signal number 9 was sent to pid 23703
smash> [1] sleep 100& : 23693 2 secs
[2] sleep 200& : 23694 2 secs
[4] sleep 400& : 23696 2 secs
[5] sleep 20& : 23697 2 secs
[6] sleep 600& : 23698 1 secs
[7] sleep 700& : 23699 1 secs
[8] sleep 800& : 23701 1 secs
[9] sleep 900& : 23702 1 secs
smash> smash> [1] sleep 100& : 23693 2 secs
[2] sleep 200& : 23694 2 secs
[4] sleep 400& : 23696 2 secs
[5] sleep 20& : 23697 2 secs
[6] sleep 600& : 23698 1 secs
[7] sleep 700& : 23699 1 secs
[8] sleep 800& : 23701 1 secs
[9] sleep 900& : 23702 1 secs
[10] sleep 1001& : 23710 0 secs
smash> sleep 1001& : 23710
smash: got ctrl-Z
smash: process 23710 was stopped
smash> [1] sleep 100& : 23693 2 secs
[2] sleep 200& : 23694 2 secs
[4] sleep 400& : 23696 2 secs
[5] sleep 20& : 23697 2 secs
[6] sleep 600& : 23698 1 secs
[7] sleep 700& : 23699 1 secs
[8] sleep 800& : 23701 1 secs
[9] sleep 900& : 23702 1 secs
[10] sleep 1001& : 23710 0 secs (stopped)
smash> sleep 1001& : 23710
smash: got ctrl-Z
smash: process 23710 was stopped
smash> [1] sleep 100& : 23693 2 secs
[2] sleep 200& : 23694 2 secs
[4] sleep 400& : 23696 2 secs
[5] sleep 20& : 23697 2 secs
[6] sleep 600& : 23698 1 secs
[7] sleep 700& : 23699 1 secs
[8] sleep 800& : 23701 1 secs
[9] sleep 900& : 23702 1 secs
[10] sleep 1001& : 23710 0 secs (stopped)
smash> sleep 1001& : 23710
smash: got ctrl-Z
smash: process 23710 was stopped
smash> [1] sleep 100& : 23693 3 secs
[2] sleep 200& : 23694 3 secs
[4] sleep 400& : 23696 3 secs
[5] sleep 20& : 23697 3 secs
[6] sleep 600& : 23698 2 secs
[7] sleep 700& : 23699 2 secs
[8] sleep 800& : 23701 2 secs
[9] sleep 900& : 23702 2 secs
[10] sleep 1001& : 23710 0 secs (stopped)
smash> sleep 1001& : 23710
smash: got ctrl-Z
smash: process 23710 was stopped
smash> [1] sleep 100& : 23693 3 secs
[2] sleep 200& : 23694 3 secs
[4] sleep 400& : 23696 3 secs
[5] sleep 20& : 23697 3 secs
[6] sleep 600& : 23698 2 secs
[7] sleep 700& : 23699 2 secs
[8] sleep 800& : 23701 2 secs
[9] sleep 900& : 23702 2 secs
[10] sleep 1001& : 23710 0 secs (stopped)
smash> smash: got ctrl-C
[1] sleep 100& : 23693 3 secs
[2] sleep 200& : 23694 3 secs
[4] sleep 400& : 23696 3 secs
[5] sleep 20& : 23697 3 secs
[6] sleep 600& : 23698 2 secs
[7] sleep 700& : 23699 2 secs
[8] sleep 800& : 23701 2 secs
[9] sleep 900& : 23702 2 secs
[10] sleep 1001& : 23710 0 secs (stopped)
smash> smash: got ctrl-Z
smash: process 23712 was stopped
smash> [1] sleep 100& : 23693 7 secs
[2] sleep 200& : 23694 7 secs
[4] sleep 400& : 23696 7 secs
[5] sleep 20& : 23697 7 secs
[6] sleep 600& : 23698 6 secs
[7] sleep 700& : 23699 6 secs
[8] sleep 800& : 23701 6 secs
[9] sleep 900& : 23702 6 secs
[10] sleep 1001& : 23710 4 secs (stopped)
[11] sleep 1002 : 23712 0 secs (stopped)
smash> sleep 1002 : 23712
smash> [1] sleep 100& : 23693 7 secs
[2] sleep 200& : 23694 7 secs
[4] sleep 400& : 23696 7 secs
[5] sleep 20& : 23697 7 secs
[6] sleep 600& : 23698 6 secs
[7] sleep 700& : 23699 6 secs
[8] sleep 800& : 23701 6 secs
[9] sleep 900& : 23702 6 secs
[10] sleep 1001& : 23710 4 secs (stopped)
[11] sleep 1002 : 23712 0 secs
smash> smash: got ctrl-C
smash: process 23722 was killed
smash> smash> smash: got ctrl-C
smash: got ctrl-C
smash: got ctrl-Z
smash: got ctrl-Z
[1] sleep 100& : 23693 13 secs
[2] sleep 200& : 23694 13 secs
[4] sleep 400& : 23696 13 secs
[5] sleep 20& : 23697 13 secs
[6] sleep 600& : 23698 12 secs
[7] sleep 700& : 23699 12 secs
[8] sleep 800& : 23701 12 secs
[9] sleep 900& : 23702 12 secs
[10] sleep 1001& : 23710 10 secs (stopped)
[11] sleep 1002 : 23712 6 secs
smash> smash: got ctrl-Z
smash: process 23733 was stopped
smash> smash: got ctrl-Z
smash: process 23734 was stopped
smash> smash: got ctrl-Z
smash: process 23735 was stopped
smash> sleep 1100 : 23733
smash: got ctrl-Z
smash: process 23733 was stopped
smash> sleep 1100 : 23733
smash: got ctrl-Z
smash: process 23733 was stopped
smash> sleep 1100 : 23733
smash: got ctrl-Z
smash: process 23733 was stopped
smash> [1] sleep 100& : 23693 14 secs
[2] sleep 200& : 23694 14 secs
[4] sleep 400& : 23696 14 secs
[5] sleep 20& : 23697 14 secs
[6] sleep 600& : 23698 13 secs
[7] sleep 700& : 23699 13 secs
[8] sleep 800& : 23701 13 secs
[9] sleep 900& : 23702 13 secs
[10] sleep 1001& : 23710 11 secs (stopped)
[11] sleep 1002 : 23712 7 secs
[12] sleep 1100 : 23733 0 secs (stopped)
[13] sleep 1200 : 23734 1 secs (stopped)
[14] sleep 1200 : 23735 0 secs (stopped)
smash> sleep 1002 : 23712
smash: got ctrl-Z
smash: process 23712 was stopped
smash> sleep 1002 : 23712
smash: got ctrl-C
smash: process 23712 was killed
smash> smash error: fg: job-id 20 does not exist
smash> smash error: fg: job-id 21 does not exist
smash> smash error: fg: job-id -2 does not exist
smash> [1] sleep 100& : 23693 15 secs
[2] sleep 200& : 23694 15 secs
[4] sleep 400& : 23696 15 secs
[5] sleep 20& : 23697 15 secs
[6] sleep 600& : 23698 14 secs
[7] sleep 700& : 23699 14 secs
[8] sleep 800& : 23701 14 secs
[9] sleep 900& : 23702 14 secs
[10] sleep 1001& : 23710 12 secs (stopped)
[12] sleep 1100 : 23733 1 secs (stopped)
[13] sleep 1200 : 23734 2 secs (stopped)
[14] sleep 1200 : 23735 1 secs (stopped)
smash> sleep 1100 : 23733
smash> smash error: bg: job-id 20 does not exist
smash> smash error: bg: job-id -1 does not exist
smash> [1] sleep 100& : 23693 16 secs
[2] sleep 200& : 23694 16 secs
[4] sleep 400& : 23696 16 secs
[5] sleep 20& : 23697 16 secs
[6] sleep 600& : 23698 15 secs
[7] sleep 700& : 23699 15 secs
[8] sleep 800& : 23701 15 secs
[9] sleep 900& : 23702 15 secs
[10] sleep 1001& : 23710 13 secs (stopped)
[12] sleep 1100 : 23733 2 secs
[13] sleep 1200 : 23734 3 secs (stopped)
[14] sleep 1200 : 23735 2 secs (stopped)
smash> smash error: bg: job-id 7 is already running in the background
smash> smash error: bg: job-id 8 is already running in the background
smash> [1] sleep 100& : 23693 16 secs
[2] sleep 200& : 23694 16 secs
[4] sleep 400& : 23696 16 secs
[5] sleep 20& : 23697 16 secs
[6] sleep 600& : 23698 15 secs
[7] sleep 700& : 23699 15 secs
[8] sleep 800& : 23701 15 secs
[9] sleep 900& : 23702 15 secs
[10] sleep 1001& : 23710 13 secs (stopped)
[12] sleep 1100 : 23733 2 secs
[13] sleep 1200 : 23734 3 secs (stopped)
[14] sleep 1200 : 23735 2 secs (stopped)
smash> signal number 9 was sent to pid 23693
smash> smash error: kill: job-id 1 does not exist
smash> [2] sleep 200& : 23694 17 secs
[4] sleep 400& : 23696 17 secs
[5] sleep 20& : 23697 17 secs
[6] sleep 600& : 23698 16 secs
[7] sleep 700& : 23699 16 secs
[8] sleep 800& : 23701 16 secs
[9] sleep 900& : 23702 16 secs
[10] sleep 1001& : 23710 14 secs (stopped)
[12] sleep 1100 : 23733 3 secs
[13] sleep 1200 : 23734 4 secs (stopped)
[14] sleep 1200 : 23735 3 secs (stopped)
smash> signal number 9 was sent to pid 23694
smash> signal number 9 was sent to pid 23696
smash> smash error: fg: job-id 4 does not exist
smash> smash error: bg: job-id 2 does not exist
smash> smash error: fg: job-id 1 does not exist
smash> [5] sleep 20& : 23697 18 secs
[6] sleep 600& : 23698 17 secs
[7] sleep 700& : 23699 17 secs
[8] sleep 800& : 23701 17 secs
[9] sleep 900& : 23702 17 secs
[10] sleep 1001& : 23710 15 secs (stopped)
[12] sleep 1100 : 23733 4 secs
[13] sleep 1200 : 23734 5 secs (stopped)
[14] sleep 1200 : 23735 4 secs (stopped)
smash> smash> [5] sleep 20& : 23697 18 secs
[6] sleep 600& : 23698 17 secs
[7] sleep 700& : 23699 17 secs
[8] sleep 800& : 23701 17 secs
[9] sleep 900& : 23702 17 secs
[10] sleep 1001& : 23710 15 secs (stopped)
[12] sleep 1100 : 23733 4 secs
[13] sleep 1200 : 23734 5 secs (stopped)
[14] sleep 1200 : 23735 4 secs (stopped)
[15] sleep 3& : 23746 0 secs
smash> [6] sleep 600& : 23698 23 secs
[7] sleep 700& : 23699 23 secs
[8] sleep 800& : 23701 23 secs
[9] sleep 900& : 23702 23 secs
[10] sleep 1001& : 23710 21 secs (stopped)
[12] sleep 1100 : 23733 10 secs
[13] sleep 1200 : 23734 11 secs (stopped)
[14] sleep 1200 : 23735 10 secs (stopped)
smash> [6] sleep 600& : 23698 23 secs
[7] sleep 700& : 23699 23 secs
[8] sleep 800& : 23701 23 secs
[9] sleep 900& : 23702 23 secs
[10] sleep 1001& : 23710 21 secs (stopped)
[12] sleep 1100 : 23733 10 secs
[13] sleep 1200 : 23734 11 secs (stopped)
[14] sleep 1200 : 23735 10 secs (stopped)
smash> [6] sleep 600& : 23698 23 secs
[7] sleep 700& : 23699 23 secs
[8] sleep 800& : 23701 23 secs
[9] sleep 900& : 23702 23 secs
[10] sleep 1001& : 23710 21 secs (stopped)
[12] sleep 1100 : 23733 10 secs
[13] sleep 1200 : 23734 11 secs (stopped)
[14] sleep 1200 : 23735 10 secs (stopped)
smash> [6] sleep 600& : 23698 33 secs
[7] sleep 700& : 23699 33 secs
[8] sleep 800& : 23701 33 secs
[9] sleep 900& : 23702 33 secs
[10] sleep 1001& : 23710 31 secs (stopped)
[12] sleep 1100 : 23733 20 secs
[13] sleep 1200 : 23734 21 secs (stopped)
[14] sleep 1200 : 23735 20 secs (stopped)
smash> sleep 1200 : 23735
smash: got ctrl-Z
smash: process 23735 was stopped
smash> [6] sleep 600& : 23698 33 secs
[7] sleep 700& : 23699 33 secs
[8] sleep 800& : 23701 33 secs
[9] sleep 900& : 23702 33 secs
[10] sleep 1001& : 23710 31 secs (stopped)
[12] sleep 1100 : 23733 20 secs
[13] sleep 1200 : 23734 21 secs (stopped)
[14] sleep 1200 : 23735 0 secs (stopped)
smash> sleep 1200 : 23735
smash: got ctrl-Z
smash: process 23735 was stopped
smash> [6] sleep 600& : 23698 34 secs
[7] sleep 700& : 23699 34 secs
[8] sleep 800& : 23701 34 secs
[9] sleep 900& : 23702 34 secs
[10] sleep 1001& : 23710 32 secs (stopped)
[12] sleep 1100 : 23733 21 secs
[13] sleep 1200 : 23734 22 secs (stopped)
[14] sleep 1200 : 23735 0 secs (stopped)
smash> sleep 1200 : 23735
smash: got ctrl-Z
smash: process 23735 was stopped
smash> [6] sleep 600& : 23698 34 secs
[7] sleep 700& : 23699 34 secs
[8] sleep 800& : 23701 34 secs
[9] sleep 900& : 23702 34 secs
[10] sleep 1001& : 23710 32 secs (stopped)
[12] sleep 1100 : 23733 21 secs
[13] sleep 1200 : 23734 22 secs (stopped)
[14] sleep 1200 : 23735 0 secs (stopped)
smash> smash> [6] sleep 600& : 23698 34 secs
[7] sleep 700& : 23699 34 secs
[8] sleep 800& : 23701 34 secs
[9] sleep 900& : 23702 34 secs
[10] sleep 1001& : 23710 32 secs (stopped)
[12] sleep 1100 : 23733 21 secs
[13] sleep 1200 : 23734 22 secs (stopped)
[14] sleep 1200 : 23735 0 secs (stopped)
[15] sleep 777& : 23769 0 secs
smash> smash: got ctrl-C
smash: process 23770 was killed
smash> smash: got ctrl-Z
smash: process 23771 was stopped
smash> sleep 888 : 23771
smash> [6] sleep 600& : 23698 35 secs
[7] sleep 700& : 23699 35 secs
[8] sleep 800& : 23701 35 secs
[9] sleep 900& : 23702 35 secs
[10] sleep 1001& : 23710 33 secs (stopped)
[12] sleep 1100 : 23733 22 secs
[13] sleep 1200 : 23734 23 secs (stopped)
[14] sleep 1200 : 23735 1 secs (stopped)
[15] sleep 777& : 23769 1 secs
[16] sleep 888 : 23771 0 secs
smash> smash> [6] sleep 600& : 23698 35 secs
[7] sleep 700& : 23699 35 secs
[8] sleep 800& : 23701 35 secs
[9] sleep 900& : 23702 35 secs
[10] sleep 1001& : 23710 33 secs (stopped)
[12] sleep 1100 : 23733 22 secs
[13] sleep 1200 : 23734 23 secs (stopped)
[14] sleep 1200 : 23735 1 secs (stopped)
[15] sleep 777& : 23769 1 secs
[16] sleep 888 : 23771 0 secs
[17] sleep 100& : 23772 0 secs
smash> smash> I'm the real slim shady
smash> sleep 100& : 23772
smash: got ctrl-Z
smash: process 23772 was stopped
smash> smash: sending SIGKILL signal to 11 jobs:
23698: sleep 600&
23699: sleep 700&
23701: sleep 800&
23702: sleep 900&
23710: sleep 1001&
23733: sleep 1100
23734: sleep 1200
23735: sleep 1200
23769: sleep 777&
23771: sleep 888
23772: sleep 100&
