smash> my_sleep
random1.txt
ransmash> look here
smash> bash: not_real_command: command not found
smash> smash> smash> smash: got ctrl-C
smash: got ctrl-C
smash> smash> smash> smash> smash> smash> smash> smash> smash> smash> smash> smash> smash> smash> smash> my_sleep
random1.txt
random2.txt
sub1
sub2
sub3
smash> 0
2
smash: got ctrl-Z
4
6
Done: 8
smash> 0
smash: got ctrl-C
2
4
6
Done: 8
smash> 0
2
4
6
smash: got ctrl-C
Done: 8
smash> smash> smash> 0
2
4
6
smash: got ctrl-Z
smash: got ctrl-C
Done: 8
smash> smash> smash> smash error: kill: job-id 1 does not exist
smash> smash> smash pid issmash> /tmp/smash_tsmash> smash> smash> signal number 9 was sent to pid 19984
smash> smash error: kill: job-id 2 does not exist
smash> smash error: kill: job-id 3 does not exist
smash> smash error: kill: job-id 4 does not exist
smash> smash error: kill: job-id 5 does not exist
smash> smash error: kill: job-id 6 does not exist
smash> smash> signal number 9 was sent to pid 19984
smash> [2] sleep 10 & : 19985 0 secs
smash> smash> smash error: kill: job-id 1 does not exist
smash> [2] sleep 10 & : 19985 0 secs
[3] sleep 10 & : 19989 0 secs
smash> 0
smash: got ctrl-Z
2
4
6
Done: 8
smash> sleep 10 & : 19989
smash> smash error: fg: jobs list is empty
smash> smash> 0
2
Done: 4
smash> smash error: bg: there is no stopped jobs to resume
smash> smash> r directory
smash> r directory
smash> PWD not set
smash> y arguments
smash> s not exist
smash> d arguments
smash> d arguments
smash> d not found
smash> smash> st is empty
smash> s not exist
smash> d arguments
smash> smash: sending SIGKILL signal to 0 jobs:
