smash> smash> smash> /tmp/smash_test
smash> smash pid is 38364
smash> smash: got ctrl-Z
smash: process 38367 was stopped
smash> [1] sleep 100& : 38365 1 secs
[2] sleep 50& : 38366 1 secs
[3] sleep 20 : 38367 0 secs (stopped)
smash> smash: sending SIGKILL signal to 3 jobs:
38365: sleep 100&
38366: sleep 50&
38367: sleep 20
