smash> smash pid is 15994
smash> smash pid is 15994
smash> smash> smash pid is 15994
smash> smash pid is 15994
smash> smash: open failed: No such file or directory
smash> 