smash> my_sleep
random1.txt
random2.txt
sub1
sub2
sub3
smash> before
smash> smash: got an alarm
after
smash> 0
Done: 2
smash> smash: got an alarm
after
smash> 0
2
smash: got an alarm
smash: timeout 3 ./my_sleep 4 timed out!
smash> smash: got ctrl-C
smash> smash> 0
[1] timeout 3 ./my_sleep 4 & : 5674 0 secs
smash> 2
smash: got an alarm
smash: timeout 3 ./my_sleep 4 & timed out!
smash: got ctrl-C
smash> 0
2
smash: got ctrl-C
smash: process 5688 was killed
smash> before
smash> smash: got an alarm
after
smash> smash> smash> 0
0
2
2
4
smash: got an alarm
smash: timeout 5 ./my_sleep 10 & timed out!
4
6
8
smash: got an alarm
smash: timeout 9 ./my_sleep 20 timed out!
smash> smash> 0
smash> 0
2
2
4
smash: got an alarm
smash: timeout 3 ./my_sleep 20& timed out!
6
smash: got an alarm
smash: timeout 7 ./my_sleep 10& timed out!
smash: got ctrl-C
smash> 0
smash error: bg: there is no stopped jobs to resume
smash> smash: got ctrl-Z
smash error: bg: there is no stopped jobs to resume
smash> 2
smash: got an alarm
smash: timeout 3 ./my_sleep 20& timed out!
smash> smash> 0
timeout 3 ./my_sleep 20& : 5777
smash: got ctrl-Z
smash: process 5777 was stopped
smash> timeout 3 ./my_sleep 20& : 5777
smash> 2
smash: got an alarm
smash: timeout 3 ./my_sleep 20& timed out!
smash> smash> 0
timeout 3 ./my_sleep 20& : 5791
smash: got ctrl-C
smash: process 5791 was killed
smash> smash> smash: got an alarm
smash> smash> smash> smash> [1] timeout 5 sleep 100& : 5797 0 secs
[2] timeout 10 sleep 200& : 5798 0 secs
[3] timeout 2 sleep 300& : 5799 0 secs
[4] timeout 7 sleep 400& : 5804 0 secs
smash> smash: got an alarm
smash: timeout 2 sleep 300& timed out!
smash: got an alarm
smash: timeout 5 sleep 100& timed out!
smash: got an alarm
smash: timeout 7 sleep 400& timed out!
smash: got an alarm
smash: timeout 10 sleep 200& timed out!
smash> smash> smash: got an alarm
smash: timeout 2 sleep 4& timed out!
smash: got ctrl-C
smash: process 5834 was killed
smash> smash> smash: got an alarm
smash: timeout 3 sleep 1& timed out!
smash: got ctrl-C
smash: process 5846 was killed
smash> smash: sending SIGKILL signal to 1 jobs:
5845: timeout 3 sleep 1&
