smash> smash pid is 5469
smash> smash pid is 5469
smash> smash> smash pid is 5469
smash> smash pid is 5469
smash> smash pid is 5469
smash> 