smash> smash> smash> /tmp/smash_test
smash> smash pid is 7190
smash> smash: got ctrl-Z
smash: process 7193 was stopped
smash> [1] sleep 100& : 7191 1 secs
[2] sleep 50& : 7192 0 secs
[3] sleep 20 : 7193 0 secs (stopped)
smash> smash: sending SIGKILL signal to 3 jobs:
7191: sleep 100&
7192: sleep 50&
7193: sleep 20
