smash> smash pid is 7204
smash> smash pid is 7204
smash> smash> smash pid is 7204
smash> smash pid is 7204
smash> smash pid is 7204
smash> 