smash> smash pid is 38219
smash> smash pid is 38219
smash> smash pid is 38219
smash> smash pid is 38219
smash> smash> smash pid is 38219
smash> smash pid is 38219
smash> smash pid is 38219
smash> 